npm verbose cli C:\Program Files\nodejs\node.exe C:\Program Files\nodejs\node_modules\npm\bin\npm-cli.js
npm info using npm@11.17.0
npm info using node@v24.19.0
npm verbose title npm install
npm verbose argv "install" "--no-audit" "--no-fund" "--loglevel" "verbose"
npm verbose logfile logs-max:10 dir:C:\Users\mohamed\AppData\Local\npm-cache\_logs\2026-09-11T00_11_35_318Z-
npm verbose logfile C:\Users\mohamed\AppData\Local\npm-cache\_logs\2026-09-11T00_11_35_318Z-debug-0.log
npm http fetch GET 200 https://registry.npmmirror.com/next 1323ms (cache revalidated)
npm http fetch GET 200 https://registry.npmmirror.com/@opentelemetry%2fapi 1023ms (cache revalidated)
npm http fetch GET 200 https://registry.npmmirror.com/@playwright%2ftest 632ms (cache revalidated)
npm http fetch GET 200 https://registry.npmmirror.com/babel-plugin-react-compiler 687ms (cache revalidated)
npm http fetch GET 200 https://registry.npmmirror.com/react 408ms (cache revalidated)
npm http fetch GET 200 https://registry.npmmirror.com/react-dom 251ms (cache revalidated)
npm http fetch GET 200 https://registry.npmmirror.com/sass 630ms (cache revalidated)
npm http fetch GET 200 https://registry.npmmirror.com/@tailwindcss%2fpostcss 3122ms (cache miss)
npm http fetch GET 200 https://registry.npmmirror.com/@types%2fnode 5384ms (cache miss)
npm http fetch GET 200 https://registry.npmmirror.com/@types%2freact 1679ms (cache miss)
npm http fetch GET 200 https://registry.npmmirror.com/@types%2freact-dom 803ms (cache miss)
npm http fetch GET 200 https://registry.npmmirror.com/typescript 2755ms (cache miss)
npm http fetch GET 200 https://registry.npmmirror.com/postcss 854ms (cache revalidated)
npm http fetch GET 200 https://registry.npmmirror.com/@tailwindcss%2fnode 1014ms (cache miss)
npm http fetch GET 200 https://registry.npmmirror.com/@next%2fswc-darwin-x64 682ms (cache revalidated)
npm http fetch GET 200 https://registry.npmmirror.com/baseline-browser-mapping 939ms (cache miss)
npm http fetch GET 200 https://registry.npmmirror.com/@next%2fswc-darwin-arm64 654ms (cache revalidated)
npm http fetch GET 200 https://registry.npmmirror.com/@next%2fswc-linux-x64-gnu 703ms (cache revalidated)
npm http fetch GET 200 https://registry.npmmirror.com/@tailwindcss%2foxide 2594ms (cache miss)
npm http fetch GET 200 https://registry.npmmirror.com/@next%2fswc-linux-x64-musl 723ms (cache revalidated)
npm http fetch GET 200 https://registry.npmmirror.com/@next%2fswc-linux-arm64-gnu 723ms (cache revalidated)
npm http fetch GET 200 https://registry.npmmirror.com/@next%2fswc-linux-arm64-musl 821ms (cache revalidated)
npm http fetch GET 200 https://registry.npmmirror.com/@next%2fswc-win32-arm64-msvc 822ms (cache revalidated)
npm http fetch GET 200 https://registry.npmmirror.com/@next%2fswc-win32-x64-msvc 2894ms (cache miss)
npm http fetch GET 200 https://registry.npmmirror.com/@eslint-community%2feslint-utils 760ms (cache miss)
npm http fetch GET 200 https://registry.npmmirror.com/eslint 1065ms (cache miss)
npm http fetch GET 200 https://registry.npmmirror.com/jiti 704ms (cache miss)
npm http fetch GET 200 https://registry.npmmirror.com/eslint-visitor-keys 653ms (cache miss)
npm http fetch GET 200 https://registry.npmmirror.com/@tailwindcss%2foxide-linux-arm64-musl 631ms (cache revalidated)
npm http fetch GET 200 https://registry.npmmirror.com/@tailwindcss%2foxide-darwin-arm64 688ms (cache revalidated)
npm http fetch GET 200 https://registry.npmmirror.com/@jridgewell%2fremapping 725ms (cache miss)
npm http fetch GET 200 https://registry.npmmirror.com/@tailwindcss%2foxide-linux-arm64-gnu 719ms (cache revalidated)
npm http fetch GET 200 https://registry.npmmirror.com/@tailwindcss%2foxide-linux-x64-musl 826ms (cache revalidated)
npm http fetch GET 200 https://registry.npmmirror.com/@tailwindcss%2foxide-linux-x64-gnu 895ms (cache revalidated)
npm http fetch GET 200 https://registry.npmmirror.com/@tailwindcss%2foxide-freebsd-x64 727ms (cache revalidated)
npm http fetch GET 200 https://registry.npmmirror.com/@tailwindcss%2foxide-wasm32-wasi 911ms (cache revalidated)
npm http fetch GET 200 https://registry.npmmirror.com/@tailwindcss%2foxide-win32-arm64-msvc 1048ms (cache revalidated)
npm http fetch GET 200 https://registry.npmmirror.com/@tailwindcss%2foxide-linux-arm-gnueabihf 662ms (cache revalidated)
npm http fetch GET 200 https://registry.npmmirror.com/@tailwindcss%2foxide-win32-x64-msvc 1094ms (cache miss)
npm http fetch GET 200 https://registry.npmmirror.com/@tailwindcss%2foxide-darwin-x64 930ms (cache revalidated)
npm http fetch GET 200 https://registry.npmmirror.com/@tailwindcss%2foxide-android-arm64 625ms (cache revalidated)
npm http fetch GET 200 https://registry.npmmirror.com/@jridgewell%2ftrace-mapping 622ms (cache miss)
npm http fetch GET 200 https://registry.npmmirror.com/@jridgewell%2fgen-mapping 637ms (cache miss)
npm http fetch GET 200 https://registry.npmmirror.com/@jridgewell%2fsourcemap-codec 768ms (cache miss)
npm http fetch GET 200 https://registry.npmmirror.com/@jridgewell%2fresolve-uri 782ms (cache miss)
npm http fetch GET 200 https://registry.npmmirror.com/@jridgewell%2fsourcemap-codec 962ms (cache miss)
npm http fetch GET 200 https://registry.npmmirror.com/acorn 693ms (cache miss)
npm http fetch GET 200 https://registry.npmmirror.com/es-abstract 1471ms (cache revalidated)
npm http fetch GET 200 https://registry.npmmirror.com/which 1624ms (cache miss)
npm http fetch GET 200 https://registry.npmmirror.com/@eslint%2fconfig-array 1308ms (cache miss)
npm http fetch GET 200 https://registry.npmmirror.com/@eslint%2fconfig-helpers 1106ms (cache miss)
npm http fetch GET 200 https://registry.npmmirror.com/@eslint%2fcore 695ms (cache miss)
npm http fetch GET 200 https://registry.npmmirror.com/@eslint%2feslintrc 1424ms (cache miss)
npm http fetch GET 200 https://registry.npmmirror.com/@eslint%2fjs 948ms (cache miss)
npm http fetch GET 200 https://registry.npmmirror.com/@eslint%2fplugin-kit 623ms (cache miss)
npm http fetch GET 200 https://registry.npmmirror.com/@humanfs%2fnode 630ms (cache miss)
npm http fetch GET 200 https://registry.npmmirror.com/@humanwhocodes%2fmodule-importer 620ms (cache miss)
npm http fetch GET 200 https://registry.npmmirror.com/@humanwhocodes%2fretry 1089ms (cache miss)
npm http fetch GET 200 https://registry.npmmirror.com/@types%2festree 652ms (cache miss)
npm http fetch GET 200 https://registry.npmmirror.com/@types%2fjson-schema 636ms (cache miss)
npm http fetch GET 200 https://registry.npmmirror.com/@eslint%2fobject-schema 646ms (cache miss)
npm http fetch GET 200 https://registry.npmmirror.com/js-yaml 684ms (cache miss)
npm http fetch GET 200 https://registry.npmmirror.com/@humanfs%2fcore 603ms (cache miss)
npm http fetch GET 200 https://registry.npmmirror.com/@humanfs%2ftypes 640ms (cache miss)
npm http fetch GET 200 https://registry.npmmirror.com/resolve 639ms (cache miss)
npm http fetch GET 200 https://registry.npmmirror.com/@babel%2fcore 355ms (cache updated)
npm http fetch GET 200 https://registry.npmmirror.com/@babel%2fparser 526ms (cache miss)
npm http fetch GET 200 https://registry.npmmirror.com/@babel%2fcode-frame 238ms (cache revalidated)
npm http fetch GET 200 https://registry.npmmirror.com/@babel%2fhelper-compilation-targets 277ms (cache updated)
npm http fetch GET 200 https://registry.npmmirror.com/@babel%2fgenerator 319ms (cache updated)
npm http fetch GET 200 https://registry.npmmirror.com/@babel%2fhelper-module-transforms 277ms (cache updated)
npm http fetch GET 200 https://registry.npmmirror.com/@babel%2fhelpers 278ms (cache updated)
npm http fetch GET 200 https://registry.npmmirror.com/@babel%2ftemplate 275ms (cache revalidated)
npm http fetch GET 200 https://registry.npmmirror.com/@babel%2ftraverse 295ms (cache updated)
npm http fetch GET 200 https://registry.npmmirror.com/json5 236ms (cache revalidated)
npm http fetch GET 200 https://registry.npmmirror.com/@babel%2ftypes 291ms (cache updated)
npm http fetch GET 200 https://registry.npmmirror.com/semver 275ms (cache miss)
npm http fetch GET 200 https://registry.npmmirror.com/@babel%2ftypes 312ms (cache updated)
npm http fetch GET 200 https://registry.npmmirror.com/jsesc 226ms (cache revalidated)
npm http fetch GET 200 https://registry.npmmirror.com/@babel%2fhelper-validator-identifier 249ms (cache miss)
npm http fetch GET 200 https://registry.npmmirror.com/@babel%2fcompat-data 274ms (cache updated)
npm http fetch GET 200 https://registry.npmmirror.com/@babel%2fhelper-validator-option 231ms (cache revalidated)
npm http fetch GET 200 https://registry.npmmirror.com/browserslist 229ms (cache revalidated)
npm http fetch GET 200 https://registry.npmmirror.com/@babel%2fhelper-module-imports 225ms (cache revalidated)
npm http fetch GET 200 https://registry.npmmirror.com/@babel%2fhelper-globals 224ms (cache revalidated)
npm http fetch GET 200 https://registry.npmmirror.com/@babel%2fhelper-string-parser 743ms (cache miss)
npm http fetch GET 200 https://registry.npmmirror.com/update-browserslist-db 373ms (cache revalidated)
npm http fetch GET 200 https://registry.npmmirror.com/@nodelib%2ffs.stat 607ms (cache miss)
npm http fetch GET 200 https://registry.npmmirror.com/@nodelib%2ffs.walk 627ms (cache miss)
npm http fetch GET 200 https://registry.npmmirror.com/@nodelib%2ffs.scandir 633ms (cache miss)
npm http fetch GET 200 https://registry.npmmirror.com/nanoid 764ms (cache miss)
npm http fetch GET 200 https://registry.npmmirror.com/loose-envify 242ms (cache miss)
npm http fetch GET 200 https://registry.npmmirror.com/@img%2fsharp-darwin-arm64 434ms (cache miss)
npm http fetch GET 200 https://registry.npmmirror.com/@img%2fsharp-darwin-x64 383ms (cache miss)
npm http fetch GET 200 https://registry.npmmirror.com/@img%2fsharp-freebsd-wasm32 621ms (cache miss)
npm http fetch GET 200 https://registry.npmmirror.com/@img%2fsharp-libvips-darwin-arm64 383ms (cache miss)
npm http fetch GET 200 https://registry.npmmirror.com/@img%2fsharp-libvips-darwin-x64 401ms (cache miss)
npm http fetch GET 200 https://registry.npmmirror.com/@img%2fsharp-libvips-linux-arm 395ms (cache miss)
npm http fetch GET 200 https://registry.npmmirror.com/@img%2fsharp-libvips-linux-arm64 377ms (cache miss)
npm http fetch GET 200 https://registry.npmmirror.com/@img%2fsharp-libvips-linux-ppc64 374ms (cache miss)
npm http fetch GET 200 https://registry.npmmirror.com/@img%2fsharp-libvips-linux-riscv64 381ms (cache miss)
npm http fetch GET 200 https://registry.npmmirror.com/@img%2fsharp-libvips-linux-s390x 382ms (cache miss)
npm http fetch GET 200 https://registry.npmmirror.com/@img%2fsharp-libvips-linux-x64 389ms (cache miss)
npm http fetch GET 200 https://registry.npmmirror.com/@img%2fsharp-libvips-linuxmusl-arm64 380ms (cache miss)
npm http fetch GET 200 https://registry.npmmirror.com/@img%2fsharp-libvips-linuxmusl-x64 386ms (cache miss)
npm http fetch GET 200 https://registry.npmmirror.com/@img%2fsharp-linux-arm 388ms (cache miss)
npm http fetch GET 200 https://registry.npmmirror.com/@img%2fsharp-linux-arm64 402ms (cache miss)
npm http fetch GET 200 https://registry.npmmirror.com/@img%2fsharp-linux-ppc64 377ms (cache miss)
npm http fetch GET 200 https://registry.npmmirror.com/@img%2fsharp-linux-riscv64 395ms (cache miss)
npm http fetch GET 200 https://registry.npmmirror.com/@img%2fsharp-linux-s390x 387ms (cache miss)
npm http fetch GET 200 https://registry.npmmirror.com/@img%2fsharp-linux-x64 388ms (cache miss)
npm http fetch GET 200 https://registry.npmmirror.com/@img%2fsharp-linuxmusl-arm64 474ms (cache miss)
npm http fetch GET 200 https://registry.npmmirror.com/@img%2fsharp-linuxmusl-x64 454ms (cache miss)
npm http fetch GET 200 https://registry.npmmirror.com/@img%2fsharp-webcontainers-wasm32 606ms (cache miss)
npm http fetch GET 200 https://registry.npmmirror.com/@img%2fsharp-win32-arm64 375ms (cache miss)
npm http fetch GET 200 https://registry.npmmirror.com/@img%2fsharp-win32-ia32 389ms (cache miss)
npm http fetch GET 200 https://registry.npmmirror.com/@img%2fsharp-win32-x64 385ms (cache miss)
npm http fetch GET 200 https://registry.npmmirror.com/@img%2fsharp-wasm32 390ms (cache miss)
npm http fetch GET 200 https://registry.npmmirror.com/@img%2fsharp-wasm32 394ms (cache miss)
npm http fetch GET 200 https://registry.npmmirror.com/@emnapi%2fruntime 380ms (cache revalidated)
npm http fetch GET 200 https://registry.npmmirror.com/@types%2fjson5 642ms (cache miss)
npm http fetch GET 200 https://registry.npmmirror.com/napi-postinstall 629ms (cache miss)
npm http fetch GET 200 https://registry.npmmirror.com/@unrs%2fresolver-binding-darwin-arm64 621ms (cache revalidated)
npm http fetch GET 200 https://registry.npmmirror.com/@unrs%2fresolver-binding-android-arm64 614ms (cache revalidated)
npm http fetch GET 200 https://registry.npmmirror.com/@unrs%2fresolver-binding-win32-arm64-msvc 676ms (cache revalidated)
npm http fetch GET 200 https://registry.npmmirror.com/@unrs%2fresolver-binding-linux-arm64-gnu 643ms (cache revalidated)
npm http fetch GET 200 https://registry.npmmirror.com/@unrs%2fresolver-binding-linux-arm64-musl 1355ms (cache revalidated)
npm http fetch GET 200 https://registry.npmmirror.com/@unrs%2fresolver-binding-openharmony-arm64 632ms (cache revalidated)
npm http fetch GET 200 https://registry.npmmirror.com/@unrs%2fresolver-binding-android-arm-eabi 620ms (cache revalidated)
npm http fetch GET 200 https://registry.npmmirror.com/@unrs%2fresolver-binding-linux-arm-gnueabihf 640ms (cache revalidated)
npm http fetch GET 200 https://registry.npmmirror.com/@unrs%2fresolver-binding-linux-arm-musleabihf 607ms (cache revalidated)
npm http fetch GET 200 https://registry.npmmirror.com/@unrs%2fresolver-binding-win32-ia32-msvc 595ms (cache revalidated)
npm http fetch GET 200 https://registry.npmmirror.com/@unrs%2fresolver-binding-linux-loong64-gnu 1383ms (cache revalidated)
npm http fetch GET 200 https://registry.npmmirror.com/@unrs%2fresolver-binding-linux-loong64-musl 1392ms (cache revalidated)
npm http fetch GET 200 https://registry.npmmirror.com/@unrs%2fresolver-binding-linux-ppc64-gnu 666ms (cache revalidated)
npm http fetch GET 200 https://registry.npmmirror.com/@unrs%2fresolver-binding-linux-riscv64-gnu 616ms (cache revalidated)
npm http fetch GET 200 https://registry.npmmirror.com/@unrs%2fresolver-binding-linux-riscv64-musl 619ms (cache revalidated)
npm http fetch GET 200 https://registry.npmmirror.com/@unrs%2fresolver-binding-linux-s390x-gnu 616ms (cache revalidated)
npm http fetch GET 200 https://registry.npmmirror.com/@unrs%2fresolver-binding-wasm32-wasi 647ms (cache revalidated)
npm http fetch GET 200 https://registry.npmmirror.com/@unrs%2fresolver-binding-darwin-x64 617ms (cache revalidated)
npm http fetch GET 200 https://registry.npmmirror.com/@unrs%2fresolver-binding-freebsd-x64 1336ms (cache revalidated)
npm http fetch GET 200 https://registry.npmmirror.com/@unrs%2fresolver-binding-linux-x64-gnu 607ms (cache revalidated)
npm http fetch GET 200 https://registry.npmmirror.com/@unrs%2fresolver-binding-linux-x64-musl 1388ms (cache revalidated)
npm http fetch GET 200 https://registry.npmmirror.com/@napi-rs%2fwasm-runtime 611ms (cache revalidated)
npm http fetch GET 200 https://registry.npmmirror.com/@emnapi%2fcore 1608ms (cache revalidated)
npm http fetch GET 200 https://registry.npmmirror.com/@tybys%2fwasm-util 621ms (cache revalidated)
npm http fetch GET 200 https://registry.npmmirror.com/@emnapi%2fwasi-threads 919ms (cache revalidated)
npm http fetch GET 200 https://registry.npmmirror.com/available-typed-arrays 611ms (cache revalidated)
npm http fetch GET 200 https://registry.npmmirror.com/array-buffer-byte-length 621ms (cache revalidated)
npm http fetch GET 200 https://registry.npmmirror.com/call-bind 650ms (cache revalidated)
npm http fetch GET 200 https://registry.npmmirror.com/call-bound 705ms (cache revalidated)
npm http fetch GET 200 https://registry.npmmirror.com/arraybuffer.prototype.slice 1348ms (cache revalidated)
npm http fetch GET 200 https://registry.npmmirror.com/data-view-buffer 608ms (cache revalidated)
npm http fetch GET 200 https://registry.npmmirror.com/data-view-byte-offset 630ms (cache revalidated)
npm http fetch GET 200 https://registry.npmmirror.com/data-view-byte-length 932ms (cache revalidated)
npm http fetch GET 200 https://registry.npmmirror.com/es-errors 722ms (cache revalidated)
npm http fetch GET 200 https://registry.npmmirror.com/es-object-atoms 663ms (cache revalidated)
npm http fetch GET 200 https://registry.npmmirror.com/es-set-tostringtag 629ms (cache revalidated)
npm http fetch GET 200 https://registry.npmmirror.com/es-define-property 1526ms (cache revalidated)
npm http fetch GET 200 https://registry.npmmirror.com/es-to-primitive 623ms (cache revalidated)
npm http fetch GET 200 https://registry.npmmirror.com/function.prototype.name 607ms (cache revalidated)
npm http fetch GET 200 https://registry.npmmirror.com/get-intrinsic 593ms (cache revalidated)
npm http fetch GET 200 https://registry.npmmirror.com/get-proto 626ms (cache revalidated)
npm http fetch GET 200 https://registry.npmmirror.com/globalthis 369ms (cache revalidated)
npm http fetch GET 200 https://registry.npmmirror.com/get-symbol-description 613ms (cache revalidated)
npm http fetch GET 200 https://registry.npmmirror.com/has-property-descriptors 373ms (cache revalidated)
npm http fetch GET 200 https://registry.npmmirror.com/gopd 616ms (cache revalidated)
npm http fetch GET 200 https://registry.npmmirror.com/has-proto 634ms (cache revalidated)
npm http fetch GET 200 https://registry.npmmirror.com/has-symbols 604ms (cache revalidated)
npm http fetch GET 200 https://registry.npmmirror.com/hasown 634ms (cache revalidated)
npm http fetch GET 200 https://registry.npmmirror.com/internal-slot 637ms (cache revalidated)
npm http fetch GET 200 https://registry.npmmirror.com/is-array-buffer 624ms (cache revalidated)
npm http fetch GET 200 https://registry.npmmirror.com/is-callable 669ms (cache revalidated)
npm http fetch GET 200 https://registry.npmmirror.com/is-negative-zero 631ms (cache revalidated)
npm http fetch GET 200 https://registry.npmmirror.com/is-regex 626ms (cache revalidated)
npm http fetch GET 200 https://registry.npmmirror.com/is-data-view 1444ms (cache revalidated)
npm http fetch GET 200 https://registry.npmmirror.com/is-shared-array-buffer 615ms (cache revalidated)
npm http fetch GET 200 https://registry.npmmirror.com/is-set 782ms (cache revalidated)
npm http fetch GET 200 https://registry.npmmirror.com/is-string 621ms (cache revalidated)
npm http fetch GET 200 https://registry.npmmirror.com/is-typed-array 642ms (cache revalidated)
npm http fetch GET 200 https://registry.npmmirror.com/is-weakref 686ms (cache revalidated)
npm http fetch GET 200 https://registry.npmmirror.com/object-keys 396ms (cache revalidated)
npm http fetch GET 200 https://registry.npmmirror.com/math-intrinsics 620ms (cache revalidated)
npm http fetch GET 200 https://registry.npmmirror.com/object-inspect 651ms (cache revalidated)
npm http fetch GET 200 https://registry.npmmirror.com/object.assign 613ms (cache revalidated)
npm http fetch GET 200 https://registry.npmmirror.com/own-keys 614ms (cache revalidated)
npm http fetch GET 200 https://registry.npmmirror.com/regexp.prototype.flags 735ms (cache revalidated)
npm http fetch GET 200 https://registry.npmmirror.com/safe-array-concat 620ms (cache revalidated)
npm http fetch GET 200 https://registry.npmmirror.com/safe-push-apply 609ms (cache revalidated)
npm http fetch GET 200 https://registry.npmmirror.com/safe-regex-test 625ms (cache revalidated)
npm http fetch GET 200 https://registry.npmmirror.com/set-proto 635ms (cache revalidated)
npm http fetch GET 200 https://registry.npmmirror.com/string.prototype.trim 654ms (cache revalidated)
npm http fetch GET 200 https://registry.npmmirror.com/stop-iteration-iterator 1039ms (cache revalidated)
npm http fetch GET 200 https://registry.npmmirror.com/string.prototype.trimend 702ms (cache revalidated)
npm http fetch GET 200 https://registry.npmmirror.com/typed-array-buffer 613ms (cache revalidated)
npm http fetch GET 200 https://registry.npmmirror.com/typed-array-byte-length 660ms (cache revalidated)
npm http fetch GET 200 https://registry.npmmirror.com/typed-array-byte-offset 666ms (cache revalidated)
npm http fetch GET 200 https://registry.npmmirror.com/string.prototype.trimstart 1407ms (cache revalidated)
npm http fetch GET 200 https://registry.npmmirror.com/typed-array-length 774ms (cache revalidated)
npm http fetch GET 200 https://registry.npmmirror.com/which-typed-array 630ms (cache revalidated)
npm http fetch GET 200 https://registry.npmmirror.com/unbox-primitive 821ms (cache revalidated)
npm verbose stack Error: ENOTEMPTY: directory not empty, rmdir 'E:\taklonjia-cnc\node_modules\eslint-import-resolver-node\node_modules\resolve'
npm error code ENOTEMPTY
npm error syscall rmdir
npm error path E:\taklonjia-cnc\node_modules\eslint-import-resolver-node\node_modules\resolve
npm error errno -4051
npm error ENOTEMPTY: directory not empty, rmdir 'E:\taklonjia-cnc\node_modules\eslint-import-resolver-node\node_modules\resolve'
npm verbose cwd E:\taklonjia-cnc
npm verbose os Windows_NT 10.0.19045
npm verbose node v24.19.0
npm verbose npm  v11.17.0
npm verbose exit -4051
npm verbose code -4051
npm error A complete log of this run can be found in: C:\Users\mohamed\AppData\Local\npm-cache\_logs\2026-09-11T00_11_35_318Z-debug-0.log
